1990
MichaelJessica 1
ChristopherAshley 2
MatthewBrittany 3
JoshuaAmanda 4
DanielSamantha 5
DavidSarah 6
AndrewStephanie 7
JamesJennifer 8
JustinElizabeth 9
JosephLauren 10
RyanMegan 11
JohnEmily 12
RobertNicole 13
NicholasKayla 14
AnthonyAmber 15
WilliamRachel 16
JonathanCourtney 17
KyleDanielle 18
BrandonHeather 19
JacobMelissa 20
TylerRebecca 21
ZacharyMichelle 22
KevinTiffany 23
EricChelsea 24
StevenChristina 25
ThomasKatherine 26
BrianAlyssa 27
AlexanderJasmine 28
JordanLaura 29
TimothyHannah 30
CodyKimberly 31
AdamKelsey 32
BenjaminVictoria 33
AaronSara 34
RichardMary 35
PatrickErica 36
SeanAlexandra 37
CharlesAmy 38
StephenCrystal 39
JeremyAndrea 40
JoseKelly 41
TravisKristen 42
JeffreyErin 43
NathanBrittney 44
SamuelAnna 45
MarkTaylor 46
JasonMaria 47
JesseAllison 48
PaulCassandra 49
DustinCaitlin 50
GregoryLindsey 51
KennethAngela 52
ScottAlicia 53
DerekJamie 54
AustinKatie 55
CoreyVanessa 56
BryanKathryn 57
EthanMorgan 58
AlexJordan 59
ChristianWhitney 60
JuanBrianna 61
CameronChristine 62
JaredNatalie 63
TaylorLisa 64
BradleyKristin 65
LuisAlexis 66
CoryJacqueline 67
EdwardShannon 68
ShawnLindsay 69
IanBrooke 70
EvanCatherine 71
MarcusOlivia 72
ShaneApril 73
PeterErika 74
CarlosKatelyn 75
TrevorMonica 76
AntonioKristina 77
VincentKaitlyn 78
GeorgePaige 79
KeithMolly 80
PhillipJenna 81
VictorLeah 82
DylanJulia 83
BrettBianca 84
ChadTara 85
NathanielMelanie 86
DonaldMarissa 87
CalebCynthia 88
CaseyHolly 89
JesusAbigail 90
BlakeMeghan 91
RaymondKathleen 92
MitchellJulie 93
AdrianAriel 94
JoelAlexandria 95
ErikVeronica 96
RonaldPatricia 97
DevinGabrielle 98
GarrettDiana 99
GabrielShelby 100
MiguelKaitlin 101
SethMargaret 102
DouglasBrandi 103
LoganKrystal 104
SpencerNatasha 105
DerrickCasey 106
WesleyBethany 107
JohnathanHaley 108
FrankBriana 109
ChaseKara 110
PhilipRachael 111
LucasMiranda 112
MartinBreanna 113
GaryDana 114
FranciscoLeslie 115
CraigCaroline 116
JorgeKendra 117
LukeSabrina 118
MarioAngelica 119
CurtisKaren 120
RicardoFelicia 121
ColinJillian 122
JulianBrenda 123
JonathonAna 124
AlanDesiree 125
AlejandroMeagan 126
BrentKatrina 127
TroyChelsey 128
DennisValerie 129
JohnnyEmma 130
RandyNancy 131
IsaacMonique 132
AngelAlison 133
ManuelSandra 134
OscarAlisha 135
JefferyBritney 136
AndreBrandy 137
HenryJoanna 138
ColtonGina 139
JakeGrace 140
AllenSierra 141
RussellCandace 142
EdgarJaclyn 143
LarryAdriana 144
CarlKrista 145
TonyAlexa 146
JerryCandice 147
MathewLacey 148
EduardoRebekah 149
RobertoSydney 150
DevonNichole 151
DariusDenise 152
ClaytonDominique 153
JeremiahAshlee 154
BrendanAnne 155
HectorYesenia 156
JavierKirsten 157
ToddDeanna 158
OmarClaire 159
DrewColleen 160
SergioAudrey 161
DannyMallory 162
MarcCarly 163
TerryTabitha 164
KristopherCristina 165
JackRaven 166
AlbertPriscilla 167
LouisStacey 168
BryceCarolyn 169
EdwinCarrie 170
JimmyKiara 171
MaxSusan 172
CalvinStacy 173
LawrenceAngel 174
MichealLinda 175
RickyMercedes 176
RubenAutumn 177
IvanAshleigh 178
FernandoKylie 179
RodneyTeresa 180
LanceKelli 181
LeviGabriela 182
GrantCaitlyn 183
DillonRenee 184
BobbyCindy 185
XavierArielle 186
NicolasEbony 187
MaxwellJustine 188
DominicKarina 189
RossMeredith 190
WalterBridget 191
RandallHillary 192
DaltonDaisy 193
DakotaAmelia 194
JulioMayra 195
ArthurTheresa 196
PedroMadeline 197
PrestonSasha 198
CesarClaudia 199
DarrenHeidi 200
ClintonRobin 201
RafaelDestiny 202
AndresMadison 203
BryantSavannah 204
MauriceWendy 205
IsaiahLydia 206
DominiqueMelinda 207
MasonEllen 208
RogerTamara 209
RaulBarbara 210
GeraldAlejandra 211
JoeChloe 212
LeeMarie 213
BillyJenny 214
JaimeVirginia 215
JonKasey 216
JayCarmen 217
EmmanuelJade 218
HunterJocelyn 219
TannerEvelyn 220
ConnorJacquelyn 221
WillieAbby 222
ErickJanet 223
ShaunTracy 224
AlbertoCortney 225
MarcoBailey 226
JamieAriana 227
NoahCassie 228
ArmandoMartha 229
ReginaldBrittani 230
JessieJasmin 231
EddieHilary 232
TheodoreAdrienne 233
ZacheryKaylee 234
TerranceCara 235
RoyAllyson 236
MarvinPamela 237
MicahKristine 238
CollinRaquel 239
BruceTina 240
MalcolmGloria 241
WayneRosa 242
ElijahCamille 243
ColbyMichele 244
DarrellTiara 245
AbrahamTasha 246
JamalMackenzie 247
ColeKristy 248
GeoffreyShawna 249
RamonSophia 250
JohnathonAnn 251
FrederickTanya 252
TrentLatoya 253
GerardoJessie 254
DarrylMarisa 255
TerrenceKari 256
BrockCarissa 257
MarquisJanelle 258
ArturoMariah 259
TyroneNina 260
NeilAngelina 261
RonnieDeborah 262
EnriqueCarla 263
JeromeKellie 264
ByronElise 265
TrentonHope 266
SteveHayley 267
NickolasCierra 268
MilesKristi 269
TommyKate 270
AlecSummer 271
AlfredoAimee 272
MarcosChelsie 273
KurtSharon 274
AndyToni 275
DeandreAlissa 276
MorganDevon 277
MelvinMisty 278
HarrisonKarla 279
MarshallJeanette 280
NelsonRegina 281
TerrellNikki 282
ErnestTatiana 283
FrancisChristy 284
DaleMiriam 285
DeanEsther 286
DesmondCharlotte 287
KelvinMaggie 288
KendallStefanie 289
DemetriusTessa 290
LeonardRuby 291
JosueGabriella 292
SalvadorHailey 293
GavinCiara 294
KarlFaith 295
GlennPaula 296
QuintonCallie 297
FranklinAubrey 298
DonovanAsia 299
BrandenNaomi 300
SkylerJazmine 301
NolanCarolina 302
ReneTia 303
KodyJazmin 304
KalebTrisha 305
JermaineRuth 306
DwayneRose 307
DiegoKelley 308
LorenzoRobyn 309
ErnestoJaime 310
RileyMichaela 311
EugeneKassandra 312
StanleyKarissa 313
OrlandoMelody 314
BradySonia 315
ChanceDevin 316
IsraelDonna 317
JarrodBrianne 318
JacksonChristian 319
SebastianHelen 320
DamonKelsie 321
DamianClarissa 322
WadeLori 323
HaroldMarina 324
FabianAdrianna 325
LandonCecilia 326
ZachariahShaniqua 327
RayGuadalupe 328
GiovanniJill 329
TristanCheyenne 330
AlvinAshton 331
DamienRachelle 332
ZackarySylvia 333
AlexisAnnie 334
AngeloTaryn 335
DaneRoxanne 336
BeauShayla 337
QuentinRandi 338
KendrickIsabel 339
WarrenLeticia 340
GilbertMia 341
ParkerHanna 342
GustavoKatlyn 343
StuartEva 344
TreyJane 345
CliffordSimone 346
KirkAlice 347
BarryElisabeth 348
JordonShana 349
LamarCarol 350
KellyFrances 351
JoeyTierra 352
DarnellElena 353
JosiahAntoinette 354
RashadLacy 355
CourtneyEricka 356
PabloBrittni 357
ElliottAlyson 358
GageDawn 359
EliasLatasha 360
AntoineYvette 361
BradChantel 362
EliDiane 363
AlfredShauna 364
AshtonTonya 365
DanteLillian 366
StefanMeaghan 367
FelixAlana 368
ElliotLiliana 369
HarrySuzanne 370
OliverYvonne 371
EmanuelChrista 372
ClarenceChasity 373
RomanJohanna 374
ClintJoy 375
DexterKristie 376
CedricRochelle 377
HaydenKatelynn 378
SimonSandy 379
JarrettBonnie 380
TevinDaniela 381
AllanAnastasia 382
BrennanLorena 383
AbelLyndsey 384
RalphTanisha 385
KoryAlma 386
RoderickIrene 387
RudyKeri 388
InfantLeanna 389
LeonMarlene 390
DallasYolanda 391
KeenanBeth 392
DominickMaribel 393
NoelCharlene 394
SamNadia 395
GuillermoKeisha 396
GrahamBlanca 397
WestonCeleste 398
LewisMaya 399
BlaineMarisol 400
RodolfoKatharine 401
JuliusKourtney 402
EarlLarissa 403
HowardKendall 404
AkeemAnita 405
StephanCorinne 406
TysonCasandra 407
WyattShaina 408
SaulElaine 409
KurtisAlysha 410
JarredArianna 411
DerickShayna 412
IsmaelSheila 413
EstebanKayleigh 414
HugoCheryl 415
LeonardoTabatha 416
CristianIris 417
BretBrenna 418
ZackeryChanel 419
ForrestStacie 420
JamarElisa 421
CharlieKylee 422
AlfonsoMindy 423
DonteTiana 424
CarltonEsmeralda 425
CorbinDorothy 426
FelipeJuliana 427
MylesKyla 428
ShannonDiamond 429
BernardShanna 430
GilbertoNora 431
KennyMarilyn 432
IsiahKierra 433
ZaneInfant 434
JarvisKaila 435
KoreyChristie 436
TyJosephine 437
EmilioKerri 438
RogelioStaci 439
DarylBridgette 440
SheldonAlaina 441
DemarcusStephany 442
LeroyCiera 443
ClayJulianne 444
DenzelKali 445
DwightJalisa 446
CotyKerry 447
ChazVivian 448
ChrisSally 449
TyrellTammy 450
BrendonLucy 451
TerencePrecious 452
OwenDebra 453
DeangeloJudith 454
PerrySadie 455
CarsonTiffani 456
KaseyKirstie 457
MarlonCharity 458
ConorMargarita 459
NealAlisa 460
HeathKrystle 461
KameronMollie 462
SterlingNoelle 463
GlenEileen 464
RaphaelFrancesca 465
SkylarTori 466
MoisesMandy 467
FredrickCassidy 468
BrentonLeigh 469
NormanSheena 470
GordonPatrice 471
NikolasBeatriz 472
CliftonJodi 473
AliAlanna 474
TuckerTraci 475
AlonzoAshlie 476
LeoJanice 477
RamiroNatalia 478
DavonJoyce 479
WilsonJordyn 480
DeshawnDesirae 481
ArielAbbey 482
KerryConnie 483
ShayneDarlene 484
BradenGenevieve 485
ChandlerMaritza 486
CorneliusBlair 487
KentIndia 488
VernonTania 489
LloydMckenzie 490
TomasBritany 491
AveryTracey 492
DevanLatisha 493
FrankieNorma 494
PierreKelsi 495
JaronTricia 496
RolandoMaureen 497
FredBreanne 498
JaysonShantel 499
KeeganDaniella 500
MarkusAngelia 501
QuincyJanae 502
RickeyKathy 503
QuintinZoe 504
RolandSerena 505
GarretConstance 506
MikeJaimie 507
LonnieMariana 508
DarrinRosemary 509
RickShirley 510
RodrigoNicolette 511
HumbertoSonya 512
RoryAnnette 513
BenKaty 514
SidneyLoren 515
TracyLea 516
QuinnKacie 517
BrendenCristal 518
JamelJami 519
DorianKristyn 520
DuaneBeverly 521
JeanClara 522
NathanaelJackie 523
MackenzieAlycia 524
ShelbyRyan 525
DionElyse 526
GerardKira 527
LukasLena 528
BriceJuanita 529
DarinGladys 530
HerbertKaleigh 531
DanaLaurel 532
CortezIsamar 533
AntwanLeanne 534
JavonAshly 535
ReynaldoJustina 536
ClarkTyler 537
DrakeLara 538
EfrainLesley 539
KadeemMara 540
NoeJacklyn 541
FreddyParis 542
KristoferKala 543
ReidCarina 544
DonnieJana 545
TylorBreana 546
MauricioRita 547
AdanRocio 548
DeonWhitley 549
BrysonCayla 550
CarterBrandie 551
JaceChantal 552
DonBrittanie 553
JimmieTerri 554
MarquiseSusana 555
EverettAraceli 556
MalikAlexia 557
LaneEliza 558
ArnoldAshlyn 559
MarcelEdith 560
JohnnieJoanne 561
AhmadJena 562
SantiagoSkylar 563
TyreeKirstin 564
GuyShelly 565
MiltonKiera 566
SalvatoreKatelin 567
JerrodAisha 568
DarriusSade 569
KristianKyra 570
LamontPaulina 571
MitchelTamika 572
NigelTess 573
FreddieCecily 574
KareemJudy 575
AlvaroMaegan 576
TobyBetty 577
JakobMadeleine 578
BradfordAllie 579
BlairLynn 580
ThaddeusSherry 581
KwameLucia 582
ReubenMaricela 583
RicoJennie 584
LeslieLily 585
SammyAngie 586
VicenteLakeisha 587
MosesEmilee 588
WillCelia 589
HarleyGenesis 590
StephonBrittny 591
KeatonNoemi 592
StewartKeshia 593
ChadwickDianna 594
RobinJayme 595
WinstonMaranda 596
DavisDakota 597
JoaquinEleanor 598
IgnacioSavanna 599
AronJessika 600
GriffinKaley 601
BoKailey 602
AntonAdrian 603
MohammadLuz 604
LiamRhonda 605
IssacSophie 606
RustyTalia 607
AmirJerrica 608
LelandHollie 609
BabyLogan 610
GuadalupeBritni 611
HakeemShante 612
IrvinSilvia 613
JasperKenya 614
DeonteChristin 615
GermanEmilie 616
LeonelMarisela 617
GeneOctavia 618
ColtenJosie 619
NicoKiersten 620
ConradKaci 621
JovanFatima 622
KylerJenifer 623
RyneBelinda 624
EzekielLizette 625
NestorGretchen 626
AgustinKatlin 627
ConnerKristian 628
JackieLizbeth 629
LorenTerra 630
DarianAngelique 631
LesterAshely 632
LyleBryanna 633
JarodJanette 634
BradlyYadira 635
GarrickPerla 636
HermanRacheal 637
ClydeBobbie 638
OsvaldoDanica 639
RigobertoDayna 640
FloydMacy 641
TedLacie 642
DustyAlysia 643
JeffMaura 644
AddisonSofia 645
VanceCorina 646
DewayneElisha 647
KhiryJesse 648
AdolfoLaurie 649
NathanialChristen 650
SonnyKacey 651
DonnellStevie 652
JonahAlexandrea 653
ErinKaitlynn 654
ReedJaleesa 655
AshleyLorraine 656
RockyClare 657
KellenJulianna 658
ParisJanine 659
DanNikita 660
JamesonAntonia 661
JamisonNathalie 662
RexYessenia 663
CecilAlina 664
LionelPaola 665
ToryKimberley 666
DemarioViviana 667
AntwonJanie 668
GraysonDevan 669
JamaalKasandra 670
NickCorey 671
RandolphRhiannon 672
ArronAudra 673
BennettJanessa 674
DamionCameron 675
ChesterKortney 676
JairoKaylyn 677
MohammedAlecia 678
MyronGwendolyn 679
WendellYasmin 680
BrooksValeria 681
HeribertoArlene 682
SheaIrma 683
MaximilianJoann 684
IrvingAbbie 685
SpenserRoxana 686
BronsonAli 687
JimBrittaney 688
SolomonSkye 689
UrielShanae 690
JerrellTiffanie 691
TomKristal 692
AricLeann 693
JessNadine 694
OctavioAlesha 695
BarrettChrystal 696
OtisEden 697
ElmerAmie 698
JodyDomonique 699
JoshLauryn 700
MaleMyra 701
MosheLatifah 702
RoyceShelley 703
AltonCelina 704
AustenCori 705
CooperGiselle 706
HarveyKrysta 707
BryonTayler 708
DaquanAllyssa 709
JeffersonKimberlee 710
AubreyMikayla 711
GregTianna 712
SylvesterBrittnee 713
BennyKanisha 714
BraxtonLyndsay 715
TyronAurora 716
CruzGeorgia 717
ElvisKaylin 718
ErichJanay 719
EstevanBeatrice 720
AhmedChantelle 721
RandalAshli 722
DominqueBritny 723
RashawnCassondra 724
TobiasRebeca 725
JustenReyna 726
ScottyShanice 727
HoustonShanika 728
KelseyJerica 729
DevenGriselda 730
DashawnAthena 731
DerikIesha 732
HassanMadelyn 733
WestleyRubi 734
DontaeBernadette 735
HughPorsha 736
DuncanIngrid 737
RonSkyler 738
AmosBetsy 739
MohamedIliana 740
UnknownStefani 741
ArsenioChandra 742
CristopherElissa 743
JamilDebbie 744
HansTrista 745
BrandanAnabel 746
DandreDeja 747
SantosKassie 748
CordellLatrice 749
LadariusMichael 750
RobbieKandace 751
TreverKandice 752
UlyssesKiley 753
VaughnKrystina 754
JaquanDina 755
HoldenPauline 756
MikelMartika 757
EllisKiana 758
WilfredoMarcella 759
JessyPrincess 760
MorrisCarley 761
CamronChelsi 762
EzraJoan 763
BernardoDaphne 764
EzequielSelina 765
GalenBobbi 766
LutherKeely 767
ColtLora 768
GarryTiera 769
GonzaloIvy 770
RaheemJean 771
DarrelJeannette 772
EfrenMikaela 773
GradyFelisha 774
BrantBreann 775
JonasJulissa 776
NikoMelisa 777
DereckHallie 778
EdgardoKelsea 779
JerodSelena 780
MartyKathrine 781
PeteDarcy 782
DarioAdrianne 783
KirbyLaci 784
MartezMonika 785
JosefOlga 786
ColemanPhylicia 787
CullenKim 788
GinoMarquita 789
DejuanNoel 790
ReeceJaqueline 791
AldoJoelle 792
ShermanKori 793
TeddyEboni 794
BenitoJolene 795
BrodyMai 796
JacquesAvery 797
UlisesLatonya 798
AsaLiana 799
CodeyMaira 800
DemarcoMoriah 801
StevieAlex 802
DonavanLeandra 803
FidelMakayla 804
AlonsoMarla 805
AlphonsoKaylie 806
BrandynKaela 807
GregorioLana 808
JeraldTanesha 809
VirgilDelia 810
IsaiasMicaela 811
JamarcusJuana 812
MarquesLeeann 813
SheltonElaina 814
WillisValencia 815
ZechariahAlyse 816
CaryElsa 817
DarrickAyla 818
EdmundCharmaine 819
KeonLynette 820
KolbyMariela 821
StacySymone 822
DomingoKyle 823
LaquanRikki 824
MychalGillian 825
RaymundoLaquita 826
RodrickRiley 827
CedrickSonja 828
CyrusAlessandra 829
JadeBillie 830
JuniorChristiana 831
AntonyMartina 832
ClaudeMelina 833
FrancescoTyesha 834
IraJamila 835
MickeyJanna 836
AlexandroNikole 837
CarloTeri 838
DangeloBridgett 839
ErvinDeidra 840
DarienKrysten 841
RhettTameka 842
TrevonBrittnie 843
LouiePortia 844
WalkerDestinee 845
AugustKaycee 846
MadisonCecelia 847
RudolphGeneva 848
DaronIvana 849
EarnestKalyn 850
JeradAileen 851
KhalilCora 852
TravonDoris 853
KieferFabiola 854
LincolnHeaven 855
RooseveltShea 856
KenSusanna 857
CareyCody 858
DarionIvette 859
JerelKia 860
QuintenBaby 861
AriBecky 862
DeronGianna 863
GreggoryNia 864
JessicaCherie 865
JordenJanell 866
KentonLucero 867
LaronBrook 868
MykelElla 869
RoccoAndria 870
TimmyJodie 871
BenniePhoebe 872
MalcomAlexander 873
MarquezJaimee 874
StaceyMagen 875
DaytonMandi 876
IbrahimCorrine 877
KevonKati 878
TitusKenisha 879
VanSamatha 880
AndersonSarai 881
JarretDara 882
MarionShelbi 883
ZakaryDeana 884
CadeDemetria 885
DarenDanika 886
KendalMarjorie 887
VinceShakira 888
AidanKarly 889
BroderickLiza 890
PierceTera 891
TommieIsabella 892
ChaimLashonda 893
MichelChaya 894
PaytonHolli 895
ReeseLakeshia 896
AndreasLissette 897
AxelRichelle 898
BrennenRoxanna 899
DerrellAlysa 900
MonteMarcia 901
ValentinMaryann 902
DontaDulce 903
NikkoGabriel 904
WallaceJoana 905
EmersonKatheryn 906
JabariMicah 907
JacobyCatrina 908
KendellJessenia 909
DarwinLourdes 910
GiancarloBrooklyn 911
GarettDominque 912
IsidroNataly 913
GreggCathy 914
JanChastity 915
KeganJessi 916
PrinceTrina 917
RashaadFallon 918
SamsonMagdalena 919
AbramShanell 920
CaleSherri 921
CassidySidney 922
CristobalAnjelica 923
DaveCarlie 924
EddyChanelle 925
JeredKarli 926
RemingtonTracie 927
KaiEunice 928
TalonImani 929
CodieJesica 930
CortneyKalie 931
KelbyKrystin 932
RasheedMari 933
AbdulLoretta 934
ElvinMarian 935
LaurenceAlannah 936
AntioneBlake 937
BrittonBree 938
HernanRoberta 939
KalvinAja 940
NajeeFiona 941
RakeemKallie 942
ReggieShari 943
WilbertLisette 944
FedericoVicky 945
JeffryDanyelle 946
PeytonGeraldine 947
SamirHelena 948
AldenCandy 949
AlexandreEdna 950
ChanningKanesha 951
ChaunceyLia 952
JulienAva 953
TremaineLaken 954
CamdenLee 955
DerrekCatalina 956
ElishaKacy 957
GarrisonKristan 958
MalachiCari 959
ShayHaleigh 960
TyrelJeanne 961
CornellJesenia 962
EliseoMariel 963
EltonMarsha 964
EmmettJanel 965
MarlinDena 966
MikhailLizeth 967
SilasLuisa 968
DavinMarlena 969
DionteCory 970
JedidiahDeidre 971
JustineEryn 972
KraigAnnmarie 973
MarceloDanae 974
MartellDora 975
RonnyGeorgina 976
TorreyGraciela 977
TraceShamika 978
DeontaeTosha 979
DonnyMarianne 980
JarrellWanda 981
JeremeyChristopher 982
JeromyElyssa 983
KevenEmilia 984
TavonKimber 985
CobyJody 986
EdwardoLynsey 987
KeenenRenae 988
KristofferShameka 989
LazaroDeirdre 990
ToreyShantell 991
BillCherish 992
BrunoLinsey 993
GenaroHali 994
WaylonTarah 995
BrittanyAnnemarie 996
EliezerAsha 997
JoryJada 998
MisaelLeila 999
TatePeggy 1000
